// Jest Snapshot v1, https://goo.gl/fbAQLP

exports[`Unit Test for the Header Check if Header is rendering 1`] = `
<nav
  className="navbar navbar-expand-lg navbar-light bg-light"
>
  <a
    className="navbar-brand"
    href="/dashboard"
  >
    The Todo App
  </a>
  <button
    aria-controls="basic-navbar-nav"
    aria-label="Toggle navigation"
    className="navbar-toggler collapsed"
    onClick={[Function]}
    type="button"
  >
    <span
      className="navbar-toggler-icon"
    />
  </button>
  <div
    aria-expanded={null}
    className="navbar-collapse collapse"
    id="basic-navbar-nav"
  />
  <div
    className="navbar-nav"
    onKeyDown={[Function]}
  />
</nav>
`;
